// Jest Snapshot v1, https://goo.gl/fbAQLP

exports[`ProgressBar Component renders component successfully 1`] = `
ShallowWrapper {
  Symbol(enzyme.__root__): [Circular],
  Symbol(enzyme.__unrendered__): <CompletedStep
    currentStep={5}
    stepNumber={4}
  />,
  Symbol(enzyme.__renderer__): Object {
    "batchedUpdates": [Function],
    "getNode": [Function],
    "render": [Function],
    "simulateError": [Function],
    "simulateEvent": [Function],
    "unmount": [Function],
  },
  Symbol(enzyme.__node__): Object {
    "instance": null,
    "key": undefined,
    "nodeType": "function",
    "props": Object {
      "children": Array [
        <ForwardRef
          completed="filled"
          theme={
            Object {
              "color": "rgb(58, 67, 141)",
            }
          }
        />,
        <ForwardRef
          completed="filled"
          theme={
            Object {
              "color": "rgb(58, 67, 141)",
            }
          }
        >
          <ForwardRef>
            Step 
            4
          </ForwardRef>
        </ForwardRef>,
      ],
    },
    "ref": null,
    "rendered": Array [
      Object {
        "instance": null,
        "key": undefined,
        "nodeType": "function",
        "props": Object {
          "completed": "filled",
          "theme": Object {
            "color": "rgb(58, 67, 141)",
          },
        },
        "ref": null,
        "rendered": null,
        "type": Object {
          "$$typeof": Symbol(react.forward_ref),
          "attrs": Array [],
          "componentStyle": ComponentStyle {
            "componentId": "sc-EHOje",
            "isStatic": false,
            "rules": Array [
              "
  margin: 14px -5px 0 -5px;
  position: relative;
  height: 6px;
  width: 200px;
  border: 0.1em solid ",
              [Function],
              ";
  z-index: 0;
  ",
              [Function],
              ";
",
            ],
          },
          "displayName": "styled.div",
          "foldedComponentIds": Array [],
          "render": [Function],
          "styledComponentId": "sc-EHOje",
          "target": "div",
          "toString": [Function],
          "warnTooManyClasses": [Function],
          "withComponent": [Function],
        },
      },
      Object {
        "instance": null,
        "key": undefined,
        "nodeType": "function",
        "props": Object {
          "children": <ForwardRef>
            Step 
            4
          </ForwardRef>,
          "completed": "filled",
          "theme": Object {
            "color": "rgb(58, 67, 141)",
          },
        },
        "ref": null,
        "rendered": Object {
          "instance": null,
          "key": undefined,
          "nodeType": "function",
          "props": Object {
            "children": Array [
              "Step ",
              4,
            ],
          },
          "ref": null,
          "rendered": Array [
            "Step ",
            4,
          ],
          "type": Object {
            "$$typeof": Symbol(react.forward_ref),
            "attrs": Array [],
            "componentStyle": ComponentStyle {
              "componentId": "sc-htoDjs",
              "isStatic": true,
              "rules": Array [
                "
  font-size: 15px;
  margin-top: 40px;
  text-align: center;
  font-family: 'Courier New', Courier, monospace;
",
              ],
            },
            "displayName": "styled.p",
            "foldedComponentIds": Array [],
            "render": [Function],
            "styledComponentId": "sc-htoDjs",
            "target": "p",
            "toString": [Function],
            "warnTooManyClasses": [Function],
            "withComponent": [Function],
          },
        },
        "type": Object {
          "$$typeof": Symbol(react.forward_ref),
          "attrs": Array [],
          "componentStyle": ComponentStyle {
            "componentId": "sc-bZQynM",
            "isStatic": false,
            "rules": Array [
              "
  font-size: 60px;
  display: flex;
  width: 0.4em;
  box-sizing: content-box;
  height: 0.4em;
  border: 0.1em solid ",
              [Function],
              ";
  position: relative;
  border-radius: 0.35em;
  z-index: 1
  ",
              [Function],
              ";
",
            ],
          },
          "displayName": "styled.div",
          "foldedComponentIds": Array [],
          "render": [Function],
          "styledComponentId": "sc-bZQynM",
          "target": "div",
          "toString": [Function],
          "warnTooManyClasses": [Function],
          "withComponent": [Function],
        },
      },
    ],
    "type": Symbol(react.fragment),
  },
  Symbol(enzyme.__nodes__): Array [
    Object {
      "instance": null,
      "key": undefined,
      "nodeType": "function",
      "props": Object {
        "children": Array [
          <ForwardRef
            completed="filled"
            theme={
              Object {
                "color": "rgb(58, 67, 141)",
              }
            }
          />,
          <ForwardRef
            completed="filled"
            theme={
              Object {
                "color": "rgb(58, 67, 141)",
              }
            }
          >
            <ForwardRef>
              Step 
              4
            </ForwardRef>
          </ForwardRef>,
        ],
      },
      "ref": null,
      "rendered": Array [
        Object {
          "instance": null,
          "key": undefined,
          "nodeType": "function",
          "props": Object {
            "completed": "filled",
            "theme": Object {
              "color": "rgb(58, 67, 141)",
            },
          },
          "ref": null,
          "rendered": null,
          "type": Object {
            "$$typeof": Symbol(react.forward_ref),
            "attrs": Array [],
            "componentStyle": ComponentStyle {
              "componentId": "sc-EHOje",
              "isStatic": false,
              "rules": Array [
                "
  margin: 14px -5px 0 -5px;
  position: relative;
  height: 6px;
  width: 200px;
  border: 0.1em solid ",
                [Function],
                ";
  z-index: 0;
  ",
                [Function],
                ";
",
              ],
            },
            "displayName": "styled.div",
            "foldedComponentIds": Array [],
            "render": [Function],
            "styledComponentId": "sc-EHOje",
            "target": "div",
            "toString": [Function],
            "warnTooManyClasses": [Function],
            "withComponent": [Function],
          },
        },
        Object {
          "instance": null,
          "key": undefined,
          "nodeType": "function",
          "props": Object {
            "children": <ForwardRef>
              Step 
              4
            </ForwardRef>,
            "completed": "filled",
            "theme": Object {
              "color": "rgb(58, 67, 141)",
            },
          },
          "ref": null,
          "rendered": Object {
            "instance": null,
            "key": undefined,
            "nodeType": "function",
            "props": Object {
              "children": Array [
                "Step ",
                4,
              ],
            },
            "ref": null,
            "rendered": Array [
              "Step ",
              4,
            ],
            "type": Object {
              "$$typeof": Symbol(react.forward_ref),
              "attrs": Array [],
              "componentStyle": ComponentStyle {
                "componentId": "sc-htoDjs",
                "isStatic": true,
                "rules": Array [
                  "
  font-size: 15px;
  margin-top: 40px;
  text-align: center;
  font-family: 'Courier New', Courier, monospace;
",
                ],
              },
              "displayName": "styled.p",
              "foldedComponentIds": Array [],
              "render": [Function],
              "styledComponentId": "sc-htoDjs",
              "target": "p",
              "toString": [Function],
              "warnTooManyClasses": [Function],
              "withComponent": [Function],
            },
          },
          "type": Object {
            "$$typeof": Symbol(react.forward_ref),
            "attrs": Array [],
            "componentStyle": ComponentStyle {
              "componentId": "sc-bZQynM",
              "isStatic": false,
              "rules": Array [
                "
  font-size: 60px;
  display: flex;
  width: 0.4em;
  box-sizing: content-box;
  height: 0.4em;
  border: 0.1em solid ",
                [Function],
                ";
  position: relative;
  border-radius: 0.35em;
  z-index: 1
  ",
                [Function],
                ";
",
              ],
            },
            "displayName": "styled.div",
            "foldedComponentIds": Array [],
            "render": [Function],
            "styledComponentId": "sc-bZQynM",
            "target": "div",
            "toString": [Function],
            "warnTooManyClasses": [Function],
            "withComponent": [Function],
          },
        },
      ],
      "type": Symbol(react.fragment),
    },
  ],
  Symbol(enzyme.__options__): Object {
    "adapter": ReactSixteenAdapter {
      "options": Object {
        "enableComponentDidUpdateOnSetState": true,
        "lifecycles": Object {
          "componentDidUpdate": Object {
            "onSetState": true,
          },
          "getDerivedStateFromProps": true,
          "getSnapshotBeforeUpdate": true,
          "setState": Object {
            "skipsComponentDidUpdateOnNullish": true,
          },
        },
      },
    },
  },
}
`;
